1__haha_think.txt
2_haha_think.txt
3_haha_think.txt
4_haha_think.txt
